// Jest Snapshot v1, https://goo.gl/fbAQLP

exports[`AuthLoading 應該匹配快照 1`] = `
<div
  class="flex items-center justify-center h-screen"
>
  <svg
    aria-hidden="true"
    class="lucide lucide-loader-circle h-8 w-8 animate-spin text-primary"
    fill="none"
    height="24"
    stroke="currentColor"
    stroke-linecap="round"
    stroke-linejoin="round"
    stroke-width="2"
    viewBox="0 0 24 24"
    width="24"
    xmlns="http://www.w3.org/2000/svg"
  >
    <path
      d="M21 12a9 9 0 1 1-6.219-8.56"
    />
  </svg>
</div>
`;
