// Jest Snapshot v1, https://goo.gl/fbAQLP

exports[`DataTablePagination 應該匹配快照 1`] = `
<div
  class="flex items-center justify-between px-2 py-4"
>
  <div
    class="flex items-center space-x-2"
  >
    <p
      class="text-sm font-medium"
    >
      每頁顯示
    </p>
    <button
      aria-autocomplete="none"
      aria-controls="radix-«r3g»"
      aria-expanded="false"
      class="border-input data-[placeholder]:text-muted-foreground [&_svg:not([class*='text-'])]:text-muted-foreground focus-visible:border-ring focus-visible:ring-ring/50 aria-invalid:ring-destructive/20 dark:aria-invalid:ring-destructive/40 aria-invalid:border-destructive dark:bg-input/30 dark:hover:bg-input/50 flex items-center justify-between gap-2 rounded-md border bg-transparent px-3 py-2 text-sm whitespace-nowrap shadow-xs transition-[color,box-shadow] outline-none focus-visible:ring-[3px] disabled:cursor-not-allowed disabled:opacity-50 data-[size=default]:h-9 data-[size=sm]:h-8 *:data-[slot=select-value]:line-clamp-1 *:data-[slot=select-value]:flex *:data-[slot=select-value]:items-center *:data-[slot=select-value]:gap-2 [&_svg]:pointer-events-none [&_svg]:shrink-0 [&_svg:not([class*='size-'])]:size-4 h-8 w-[70px]"
      data-size="default"
      data-slot="select-trigger"
      data-state="closed"
      dir="ltr"
      role="combobox"
      type="button"
    >
      <span
        data-slot="select-value"
        style="pointer-events: none;"
      >
        10
      </span>
      <svg
        aria-hidden="true"
        class="lucide lucide-chevron-down size-4 opacity-50"
        fill="none"
        height="24"
        stroke="currentColor"
        stroke-linecap="round"
        stroke-linejoin="round"
        stroke-width="2"
        viewBox="0 0 24 24"
        width="24"
        xmlns="http://www.w3.org/2000/svg"
      >
        <path
          d="m6 9 6 6 6-6"
        />
      </svg>
    </button>
    <p
      class="text-sm font-medium"
    >
      筆
    </p>
  </div>
  <div
    class="flex items-center justify-center text-sm font-medium"
  >
    顯示第 
    1
     - 
    10
     筆，共 
    10
     筆
  </div>
  <div
    class="flex items-center space-x-2"
  >
    <div
      class="flex items-center space-x-2"
    >
      <p
        class="text-sm font-medium"
      >
        第 
        1
         頁，共 
        5
         頁
      </p>
    </div>
    <div
      class="flex items-center space-x-1"
    >
      <button
        aria-label="跳到第一頁"
        class="items-center justify-center gap-2 whitespace-nowrap rounded-md text-sm font-medium transition-all disabled:pointer-events-none disabled:opacity-50 [&_svg]:pointer-events-none [&_svg:not([class*='size-'])]:size-4 shrink-0 [&_svg]:shrink-0 outline-none focus-visible:border-ring focus-visible:ring-ring/50 focus-visible:ring-[3px] aria-invalid:ring-destructive/20 dark:aria-invalid:ring-destructive/40 aria-invalid:border-destructive border bg-background shadow-xs hover:bg-accent hover:text-accent-foreground dark:bg-input/30 dark:border-input dark:hover:bg-input/50 has-[>svg]:px-3 hidden h-8 w-8 p-0 lg:flex"
        data-slot="button"
      >
        <svg
          aria-hidden="true"
          class="lucide lucide-chevrons-left h-4 w-4"
          fill="none"
          height="24"
          stroke="currentColor"
          stroke-linecap="round"
          stroke-linejoin="round"
          stroke-width="2"
          viewBox="0 0 24 24"
          width="24"
          xmlns="http://www.w3.org/2000/svg"
        >
          <path
            d="m11 17-5-5 5-5"
          />
          <path
            d="m18 17-5-5 5-5"
          />
        </svg>
      </button>
      <button
        aria-label="上一頁"
        class="inline-flex items-center justify-center gap-2 whitespace-nowrap rounded-md text-sm font-medium transition-all disabled:pointer-events-none disabled:opacity-50 [&_svg]:pointer-events-none [&_svg:not([class*='size-'])]:size-4 shrink-0 [&_svg]:shrink-0 outline-none focus-visible:border-ring focus-visible:ring-ring/50 focus-visible:ring-[3px] aria-invalid:ring-destructive/20 dark:aria-invalid:ring-destructive/40 aria-invalid:border-destructive border bg-background shadow-xs hover:bg-accent hover:text-accent-foreground dark:bg-input/30 dark:border-input dark:hover:bg-input/50 has-[>svg]:px-3 h-8 w-8 p-0"
        data-slot="button"
      >
        <svg
          aria-hidden="true"
          class="lucide lucide-chevron-left h-4 w-4"
          fill="none"
          height="24"
          stroke="currentColor"
          stroke-linecap="round"
          stroke-linejoin="round"
          stroke-width="2"
          viewBox="0 0 24 24"
          width="24"
          xmlns="http://www.w3.org/2000/svg"
        >
          <path
            d="m15 18-6-6 6-6"
          />
        </svg>
      </button>
      <button
        aria-label="下一頁"
        class="inline-flex items-center justify-center gap-2 whitespace-nowrap rounded-md text-sm font-medium transition-all disabled:pointer-events-none disabled:opacity-50 [&_svg]:pointer-events-none [&_svg:not([class*='size-'])]:size-4 shrink-0 [&_svg]:shrink-0 outline-none focus-visible:border-ring focus-visible:ring-ring/50 focus-visible:ring-[3px] aria-invalid:ring-destructive/20 dark:aria-invalid:ring-destructive/40 aria-invalid:border-destructive border bg-background shadow-xs hover:bg-accent hover:text-accent-foreground dark:bg-input/30 dark:border-input dark:hover:bg-input/50 has-[>svg]:px-3 h-8 w-8 p-0"
        data-slot="button"
      >
        <svg
          aria-hidden="true"
          class="lucide lucide-chevron-right h-4 w-4"
          fill="none"
          height="24"
          stroke="currentColor"
          stroke-linecap="round"
          stroke-linejoin="round"
          stroke-width="2"
          viewBox="0 0 24 24"
          width="24"
          xmlns="http://www.w3.org/2000/svg"
        >
          <path
            d="m9 18 6-6-6-6"
          />
        </svg>
      </button>
      <button
        aria-label="跳到最後一頁"
        class="items-center justify-center gap-2 whitespace-nowrap rounded-md text-sm font-medium transition-all disabled:pointer-events-none disabled:opacity-50 [&_svg]:pointer-events-none [&_svg:not([class*='size-'])]:size-4 shrink-0 [&_svg]:shrink-0 outline-none focus-visible:border-ring focus-visible:ring-ring/50 focus-visible:ring-[3px] aria-invalid:ring-destructive/20 dark:aria-invalid:ring-destructive/40 aria-invalid:border-destructive border bg-background shadow-xs hover:bg-accent hover:text-accent-foreground dark:bg-input/30 dark:border-input dark:hover:bg-input/50 has-[>svg]:px-3 hidden h-8 w-8 p-0 lg:flex"
        data-slot="button"
      >
        <svg
          aria-hidden="true"
          class="lucide lucide-chevrons-right h-4 w-4"
          fill="none"
          height="24"
          stroke="currentColor"
          stroke-linecap="round"
          stroke-linejoin="round"
          stroke-width="2"
          viewBox="0 0 24 24"
          width="24"
          xmlns="http://www.w3.org/2000/svg"
        >
          <path
            d="m6 17 5-5-5-5"
          />
          <path
            d="m13 17 5-5-5-5"
          />
        </svg>
      </button>
    </div>
  </div>
</div>
`;
